=== E44 : Sharpe net OOS concaténé +0.124021 ; baseline -0.529674 ; éligible True ; trades 108 ; expo 0.3574 ; commit db7f4d5 ===

=== T1 labels mélangés, procédure complète (10 seeds) ===
  seed  1 : Sharpe concat -0.4094 trades 349 expo 0.586
  seed  2 : Sharpe concat +0.4918 trades 229 expo 0.546
  seed  3 : Sharpe concat +0.2035 trades 264 expo 0.580
  seed  4 : Sharpe concat +0.0995 trades 248 expo 0.500
  seed  5 : Sharpe concat +0.5132 trades 235 expo 0.595
  seed  6 : Sharpe concat -0.1449 trades 258 expo 0.493
  seed  7 : Sharpe concat +0.3243 trades 292 expo 0.612
  seed  8 : Sharpe concat +0.3645 trades 270 expo 0.619
  seed  9 : Sharpe concat +0.3580 trades 261 expo 0.511
  seed 10 : Sharpe concat +0.4990 trades 213 expo 0.651
  moyenne +0.2300 écart-type 0.3040 min -0.4094 max +0.5132 p95 +0.5068 ; E44 +0.1240 : z -0.348 ; seeds >= E44 : 7/10 ; S > p95 : False -> FAILLE

=== tests/adversarial/analyse_e10.py appliqué au signal de E44 (sortie brute) ===
[garde] index max lu = 2025-09-30 23:00:00+00:00 <= 2025-09-30 23:00:00+00:00 (59160 lignes)
[repro] E10 concat : Sharpe 0.124021 trades 108 expo 0.357363 DD 0.6543 rdt -0.0432
[B&H] Sharpe 0.781489
[cible] segments 108, barres exposées 14872/41616, opens NaN dans la fenêtre 14, position héritée avant 2021 = 0.0

=== T2 aléatoire (seed 20261004, 1000 tirages, 108 segments, expo 0.3574, coûts 0,0015 x1) ===
trades tirés min/max 107/108 ; expo min/max 0.3572/0.3575
Sharpe aléatoire : moyenne 0.2385 écart-type 0.3691 p5 -0.3418 p50 0.2344 p95 0.8638 max 1.3333
E10 0.1240 -> percentile 39.3 ; > p95 : False

=== T2b B&H avec la même exposition ===
B&H fractionnaire constant 0.3574 : Sharpe 0.7925 rdt 0.9945 DD 0.3789
plan par fold (barres, segments, barres exposées) : [(4344, 5, 488), (4416, 6, 152), (4344, 27, 2220), (4416, 11, 1320), (4344, 15, 2192), (4416, 11, 3824), (4368, 6, 628), (4416, 5, 788), (6552, 23, 3260)]
stratifié par fold (seed 20261005, 1000 tirages) : moyenne 0.1551 p50 0.1513 p95 0.7036 ; E10 percentile 46.0

=== T3/T4 signal E10 figé (modèles et seuils inchangés) ===
exec_delay=2  : Sharpe 0.1780 trades 108 expo 0.3574 DD 0.6482 rdt 0.0383
coûts x2      : Sharpe -0.0969 trades 108 expo 0.3574 DD 0.6870 rdt -0.3074
coûts x3      : Sharpe -0.3165 trades 108 expo 0.3574 DD 0.7266 rdt -0.4990

=== T5a par année (signal continu, position héritée) ===
2021 : E10 Sharpe +0.2376 rdt +0.0288 trades 11 expo 0.073 | B&H Sharpe +0.9777 rdt +0.5931
2022 : E10 Sharpe -1.6900 rdt -0.5402 trades 37 expo 0.404 | B&H Sharpe -1.2928 rdt -0.6432
2023 : E10 Sharpe +1.6826 rdt +0.7102 trades 26 expo 0.687 | B&H Sharpe +2.3425 rdt +1.5485
2024 : E10 Sharpe +0.7890 rdt +0.1512 trades 11 expo 0.161 | B&H Sharpe +1.7510 rdt +1.2064
2025 : E10 Sharpe +0.2687 rdt +0.0274 trades 23 expo 0.498 | B&H Sharpe +0.8293 rdt +0.2140

=== T5b par régime (défini a priori : rendement B&H du mois civil, open 1re bougie -> open 1re bougie du mois suivant ; hausse > +5 %, baisse < -5 %, range sinon) ===
hausse : 27 mois, 823 jours | E10 Sharpe +2.1686 rdt composé +3.0806 | B&H Sharpe +3.6113 rdt composé +79.5458
baisse : 18 mois, 547 jours | E10 Sharpe -2.3244 rdt composé -0.7046 | B&H Sharpe -2.6954 rdt composé -0.9486
range  : 12 mois, 364 jours | E10 Sharpe -0.7633 rdt composé -0.2062 | B&H Sharpe +0.1208 rdt composé -0.0519

=== T6b sans le meilleur mois ===
meilleur mois E10 : 2023-01 rdt +0.3858 ; top 3 : 2023-01 +0.3858, 2024-02 +0.2348, 2023-10 +0.2324
Sharpe sans les jours du meilleur mois : -0.1099 ; meilleur mois mis à plat : -0.1090 ; sans les 3 meilleurs mois : -0.4389

=== T7 Sharpe déflaté (Bailey & López de Prado 2014), recalcul indépendant ===
N = 47 lignes de REGISTRE.md ; SR journaliers des essais : [-0.18139, -0.13724, -0.09707, 0.00258, -0.00154, 0.00637, -0.00125, -0.01731, 0.01461, 0.03504, 0.019, 0.0296, 0.03293, 0.03471, 0.02795, 0.0292, 0.01235, 0.01884, 0.02149, 0.02297, 0.01991, 0.00842, 0.02588, 0.04184, 0.003, 0.00591, 0.02196, 0.01675, 0.02616, 0.0193, 0.0529, 0.04073, -0.00277, 0.02093, 0.01938, 0.06151, 0.02974, 0.01434, 0.00488, 0.05831, 0.04601, 0.02768, 0.04451, 0.00649, 0.0227, 0.0114, 0.04682]
V = 1.931504e-03 ; SR0 journalier = 0.098995 (annualisé 1.8913)
SR E10 journalier = 0.006492 ; T = 1734 ; skew -0.3672 ; kurtosis 20.6684 ; dénominateur 1.001295
DSR = 0.000060 ; PSR(0) = 0.606377

T2 aléatoire mêmes trades / même expo : percentile 39.3 -> FAILLE ; stratifié par fold : percentile 46.0 -> FAILLE

=== T7 Sharpe déflaté (Bailey & López de Prado 2014), SR journaliers de chaque essai du registre ===
N = 47 lignes de REGISTRE.md (E01..E47) ; V[SR_n] = 1.931504e-03 ; SR0 journalier 0.098995 (annualisé 1.8913)
SR E44 journalier 0.006492 (annualisé 0.1240) ; T 1734 ; skew -0.3672 ; kurtosis 20.6684 ; SR - SR0 -0.092503 ; stat -3.8459 ; DSR = 0.000060 ; PSR(0) = 0.606377 -> FAILLE
(version analyse_e10 : DSR = 0.000060, N = 47)

VETO E44 : T1 FAILLE ; T2 FAILLE ; T7 FAILLE
[garde] index max lu = 2025-09-30 23:00:00+00:00 <= 2025-09-30 23:00:00+00:00 : OK (59160 lignes, min 2019-01-01 00:00:00+00:00)

=== T2 grille 4 h : 10404 blocs 4 h OOS, 108 segments, blocs exposés 3718 (expo 0.3574), blocs à position non constante 0 ; position 4 h reconstruite rebacktestée : Sharpe +0.1240 (S +0.1240) ===
  non stratifié (seed 4747, 1000 tirages) : moyenne +0.2582 p50 +0.2542 p95 +0.8201 max +1.2106 ; E44 percentile 34.9 -> FAILLE
  stratifié par fold (seed 4748, 1000 tirages ; segments par fold [5, 6, 27, 11, 15, 11, 6, 5, 23]) : moyenne +0.1503 p50 +0.1388 p95 +0.6939 max +1.1534 ; E44 percentile 47.9 -> FAILLE

T2 retenu (FAILLE si un percentile <= 95) : 1h 39.3 ; 1h stratifié 46.0 ; 4h 34.9 ; 4h stratifié 47.9 -> FAILLE

VETO FINAL E44 : T1 FAILLE ; T2 FAILLE ; T7 FAILLE (DSR 0.000060, N 47)
