=== E47 : Sharpe net OOS concaténé +0.894575 ; baseline -0.529674 ; éligible True ; trades 111 ; expo 0.3237 ; commit db7f4d5 ===

=== T1 labels mélangés, procédure complète (10 seeds) ===
  seed  1 : Sharpe concat +0.4519 trades 246 expo 0.475 ; choix E45;E45;E45;E43;E45;E45;E41;E41;E41
  seed  2 : Sharpe concat +0.1128 trades 206 expo 0.520 ; choix E45;E41;E45;E45;E41;E41;E45;E45;E41
  seed  3 : Sharpe concat +0.2855 trades 202 expo 0.682 ; choix E41;E45;E45;E41;E45;E43;E43;E41;E43
  seed  4 : Sharpe concat +0.2071 trades 147 expo 0.505 ; choix E45;E45;E45;E45;E45;E43;E41;E43;E43
  seed  5 : Sharpe concat +0.0758 trades 168 expo 0.364 ; choix E43;E45;E41;E45;E43;E45;E41;E45;E45
  seed  6 : Sharpe concat +0.3084 trades 164 expo 0.592 ; choix E43;E45;E45;E45;E45;E41;E43;E41;E41
  seed  7 : Sharpe concat -0.0855 trades 192 expo 0.520 ; choix E43;E45;E45;E45;E43;E41;E43;E43;E45
  seed  8 : Sharpe concat +0.5515 trades 151 expo 0.557 ; choix E43;E45;E45;E43;E41;E43;E41;E41;E45
  seed  9 : Sharpe concat +0.4613 trades 182 expo 0.719 ; choix E43;E41;E45;E41;E43;E45;E41;E41;E41
  seed 10 : Sharpe concat +0.3988 trades 132 expo 0.480 ; choix E41;E41;E41;E43;E45;E45;E43;E43;E43
  moyenne +0.2768 écart-type 0.1999 min -0.0855 max +0.5515 p95 +0.5109 ; E47 +0.8946 : z +3.091 ; seeds >= E47 : 0/10 ; S > p95 : True -> RÉSISTE

=== tests/adversarial/analyse_e10.py appliqué au signal de E47 (sortie brute) ===
[garde] index max lu = 2025-09-30 23:00:00+00:00 <= 2025-09-30 23:00:00+00:00 (59160 lignes)
[repro] E10 concat : Sharpe 0.894575 trades 111 expo 0.323722 DD 0.4279 rdt 1.9607
[B&H] Sharpe 0.781489
[cible] segments 111, barres exposées 13472/41616, opens NaN dans la fenêtre 14, position héritée avant 2021 = 0.0

=== T2 aléatoire (seed 20261004, 1000 tirages, 111 segments, expo 0.3237, coûts 0,0015 x1) ===
trades tirés min/max 111/111 ; expo min/max 0.3236/0.3238
Sharpe aléatoire : moyenne 0.2238 écart-type 0.3927 p5 -0.4217 p50 0.2075 p95 0.8675 max 1.3569
E10 0.8946 -> percentile 95.8 ; > p95 : True

=== T2b B&H avec la même exposition ===
B&H fractionnaire constant 0.3237 : Sharpe 0.7931 rdt 0.8869 DD 0.3488
plan par fold (barres, segments, barres exposées) : [(4344, 1, 0), (4416, 7, 1748), (4344, 45, 1788), (4416, 14, 768), (4344, 14, 568), (4416, 14, 2944), (4368, 4, 1044), (4416, 7, 1068), (6552, 8, 3544)]
stratifié par fold (seed 20261005, 1000 tirages) : moyenne 0.1833 p50 0.1809 p95 0.7483 ; E10 percentile 98.1

=== T3/T4 signal E10 figé (modèles et seuils inchangés) ===
exec_delay=2  : Sharpe 1.0185 trades 111 expo 0.3237 DD 0.4027 rdt 2.6234
coûts x2      : Sharpe 0.6676 trades 111 expo 0.3237 DD 0.4946 rdt 1.1237
coûts x3      : Sharpe 0.4405 trades 111 expo 0.3237 DD 0.5815 rdt 0.5226

=== T5a par année (signal continu, position héritée) ===
2021 : E10 Sharpe +1.8335 rdt +0.6522 trades 7 expo 0.200 | B&H Sharpe +0.9777 rdt +0.5931
2022 : E10 Sharpe -0.4811 rdt -0.2226 trades 58 expo 0.292 | B&H Sharpe -1.2928 rdt -0.6432
2023 : E10 Sharpe +1.8966 rdt +0.5662 trades 27 expo 0.401 | B&H Sharpe +2.3425 rdt +1.5485
2024 : E10 Sharpe +1.2547 rdt +0.3912 trades 11 expo 0.240 | B&H Sharpe +1.7510 rdt +1.2064
2025 : E10 Sharpe +0.3989 rdt +0.0579 trades 8 expo 0.541 | B&H Sharpe +0.8293 rdt +0.2140

=== T5b par régime (défini a priori : rendement B&H du mois civil, open 1re bougie -> open 1re bougie du mois suivant ; hausse > +5 %, baisse < -5 %, range sinon) ===
hausse : 27 mois, 823 jours | E10 Sharpe +2.4400 rdt composé +4.2748 | B&H Sharpe +3.6113 rdt composé +79.5458
baisse : 18 mois, 547 jours | E10 Sharpe -0.8557 rdt composé -0.3818 | B&H Sharpe -2.6954 rdt composé -0.9486
range  : 12 mois, 364 jours | E10 Sharpe -0.2548 rdt composé -0.0921 | B&H Sharpe +0.1208 rdt composé -0.0519

=== T6b sans le meilleur mois ===
meilleur mois E10 : 2021-10 rdt +0.4196 ; top 3 : 2021-10 +0.4196, 2023-10 +0.2424, 2021-07 +0.2038
Sharpe sans les jours du meilleur mois : 0.6792 ; meilleur mois mis à plat : 0.6731 ; sans les 3 meilleurs mois : 0.4001

=== T7 Sharpe déflaté (Bailey & López de Prado 2014), recalcul indépendant ===
N = 47 lignes de REGISTRE.md ; SR journaliers des essais : [-0.18139, -0.13724, -0.09707, 0.00258, -0.00154, 0.00637, -0.00125, -0.01731, 0.01461, 0.03504, 0.019, 0.0296, 0.03293, 0.03471, 0.02795, 0.0292, 0.01235, 0.01884, 0.02149, 0.02297, 0.01991, 0.00842, 0.02588, 0.04184, 0.003, 0.00591, 0.02196, 0.01675, 0.02616, 0.0193, 0.0529, 0.04073, -0.00277, 0.02093, 0.01938, 0.06151, 0.02974, 0.01434, 0.00488, 0.05831, 0.04601, 0.02768, 0.04451, 0.00649, 0.0227, 0.0114, 0.04682]
V = 1.931504e-03 ; SR0 journalier = 0.098995 (annualisé 1.8913)
SR E10 journalier = 0.046824 ; T = 1734 ; skew 0.3694 ; kurtosis 17.9093 ; dénominateur 0.995977
DSR = 0.014607 ; PSR(0) = 0.974834

T2 aléatoire mêmes trades / même expo : percentile 95.8 -> RÉSISTE ; stratifié par fold : percentile 98.1 -> RÉSISTE

=== T7 Sharpe déflaté (Bailey & López de Prado 2014), SR journaliers de chaque essai du registre ===
N = 47 lignes de REGISTRE.md (E01..E47) ; V[SR_n] = 1.931504e-03 ; SR0 journalier 0.098995 (annualisé 1.8913)
SR E47 journalier 0.046824 (annualisé 0.8946) ; T 1734 ; skew 0.3694 ; kurtosis 17.9093 ; SR - SR0 -0.052170 ; stat -2.1806 ; DSR = 0.014607 ; PSR(0) = 0.974834 -> FAILLE
(version analyse_e10 : DSR = 0.014607, N = 47)

VETO E47 : T1 RÉSISTE ; T2 RÉSISTE ; T7 FAILLE
[garde] index max lu = 2025-09-30 23:00:00+00:00 <= 2025-09-30 23:00:00+00:00 : OK (59160 lignes, min 2019-01-01 00:00:00+00:00)

=== T2 grille 4 h : 10404 blocs 4 h OOS, 111 segments, blocs exposés 3368 (expo 0.3237), blocs à position non constante 0 ; position 4 h reconstruite rebacktestée : Sharpe +0.8946 (S +0.8946) ===
  non stratifié (seed 4747, 1000 tirages) : moyenne +0.2209 p50 +0.2235 p95 +0.8244 max +1.4629 ; E47 percentile 96.9 -> RÉSISTE
  stratifié par fold (seed 4748, 1000 tirages ; segments par fold [0, 7, 45, 14, 14, 14, 4, 7, 8]) : moyenne +0.1761 p50 +0.1752 p95 +0.7387 max +1.3327 ; E47 percentile 98.0 -> RÉSISTE

T2 retenu (FAILLE si un percentile <= 95) : 1h 95.8 ; 1h stratifié 98.1 ; 4h 96.9 ; 4h stratifié 98.0 -> RÉSISTE

VETO FINAL E47 : T1 RÉSISTE ; T2 RÉSISTE ; T7 FAILLE (DSR 0.014607, N 47)
