=== E45 : Sharpe net OOS concaténé +0.433608 ; baseline -0.529674 ; éligible True ; trades 124 ; expo 0.2899 ; commit db7f4d5 ===

=== T1 labels mélangés, procédure complète (10 seeds) ===
  seed  1 : Sharpe concat +0.3612 trades 242 expo 0.566
  seed  2 : Sharpe concat -0.2715 trades 299 expo 0.515
  seed  3 : Sharpe concat +0.3236 trades 230 expo 0.610
  seed  4 : Sharpe concat -0.1419 trades 332 expo 0.563
  seed  5 : Sharpe concat +0.0016 trades 243 expo 0.472
  seed  6 : Sharpe concat -0.1947 trades 250 expo 0.502
  seed  7 : Sharpe concat +0.0250 trades 216 expo 0.508
  seed  8 : Sharpe concat +0.6772 trades 253 expo 0.563
  seed  9 : Sharpe concat +0.3007 trades 218 expo 0.368
  seed 10 : Sharpe concat +0.4886 trades 176 expo 0.428
  moyenne +0.1570 écart-type 0.3178 min -0.2715 max +0.6772 p95 +0.5924 ; E45 +0.4336 : z +0.870 ; seeds >= E45 : 2/10 ; S > p95 : False -> FAILLE

=== tests/adversarial/analyse_e10.py appliqué au signal de E45 (sortie brute) ===
[garde] index max lu = 2025-09-30 23:00:00+00:00 <= 2025-09-30 23:00:00+00:00 (59160 lignes)
[repro] E10 concat : Sharpe 0.433608 trades 124 expo 0.289889 DD 0.4818 rdt 0.4752
[B&H] Sharpe 0.781489
[cible] segments 124, barres exposées 12064/41616, opens NaN dans la fenêtre 14, position héritée avant 2021 = 0.0

=== T2 aléatoire (seed 20261004, 1000 tirages, 124 segments, expo 0.2899, coûts 0,0015 x1) ===
trades tirés min/max 123/124 ; expo min/max 0.2897/0.2900
Sharpe aléatoire : moyenne 0.1649 écart-type 0.3757 p5 -0.4290 p50 0.1589 p95 0.8104 max 1.5367
E10 0.4336 -> percentile 77.0 ; > p95 : False

=== T2b B&H avec la même exposition ===
B&H fractionnaire constant 0.2899 : Sharpe 0.7937 rdt 0.7809 DD 0.3174
plan par fold (barres, segments, barres exposées) : [(4344, 1, 0), (4416, 21, 1932), (4344, 34, 1960), (4416, 14, 768), (4344, 11, 648), (4416, 14, 2944), (4368, 6, 292), (4416, 4, 780), (6552, 23, 2740)]
stratifié par fold (seed 20261005, 1000 tirages) : moyenne 0.0161 p50 0.0210 p95 0.5612 ; E10 percentile 88.6

=== T3/T4 signal E10 figé (modèles et seuils inchangés) ===
exec_delay=2  : Sharpe 0.4865 trades 124 expo 0.2899 DD 0.4851 rdt 0.5915
coûts x2      : Sharpe 0.1527 trades 124 expo 0.2899 DD 0.5239 rdt 0.0176
coûts x3      : Sharpe -0.1279 trades 124 expo 0.2899 DD 0.6100 rdt -0.2984

=== T5a par année (signal continu, position héritée) ===
2021 : E10 Sharpe +0.6327 rdt +0.1502 trades 21 expo 0.221 | B&H Sharpe +0.9777 rdt +0.5931
2022 : E10 Sharpe -0.6578 rdt -0.2896 trades 47 expo 0.311 | B&H Sharpe -1.2928 rdt -0.6432
2023 : E10 Sharpe +2.0373 rdt +0.6382 trades 24 expo 0.410 | B&H Sharpe +2.3425 rdt +1.5485
2024 : E10 Sharpe +0.4499 rdt +0.0581 trades 10 expo 0.122 | B&H Sharpe +1.7510 rdt +1.2064
2025 : E10 Sharpe +0.3526 rdt +0.0415 trades 23 expo 0.418 | B&H Sharpe +0.8293 rdt +0.2140

=== T5b par régime (défini a priori : rendement B&H du mois civil, open 1re bougie -> open 1re bougie du mois suivant ; hausse > +5 %, baisse < -5 %, range sinon) ===
hausse : 27 mois, 823 jours | E10 Sharpe +1.8868 rdt composé +2.0954 | B&H Sharpe +3.6113 rdt composé +79.5458
baisse : 18 mois, 547 jours | E10 Sharpe -0.9644 rdt composé -0.4241 | B&H Sharpe -2.6954 rdt composé -0.9486
range  : 12 mois, 364 jours | E10 Sharpe -1.2303 rdt composé -0.1725 | B&H Sharpe +0.1208 rdt composé -0.0519

=== T6b sans le meilleur mois ===
meilleur mois E10 : 2023-01 rdt +0.2550 ; top 3 : 2023-01 +0.2550, 2023-10 +0.2424, 2024-02 +0.1476
Sharpe sans les jours du meilleur mois : 0.2639 ; meilleur mois mis à plat : 0.2615 ; sans les 3 meilleurs mois : -0.0228

=== T7 Sharpe déflaté (Bailey & López de Prado 2014), recalcul indépendant ===
N = 47 lignes de REGISTRE.md ; SR journaliers des essais : [-0.18139, -0.13724, -0.09707, 0.00258, -0.00154, 0.00637, -0.00125, -0.01731, 0.01461, 0.03504, 0.019, 0.0296, 0.03293, 0.03471, 0.02795, 0.0292, 0.01235, 0.01884, 0.02149, 0.02297, 0.01991, 0.00842, 0.02588, 0.04184, 0.003, 0.00591, 0.02196, 0.01675, 0.02616, 0.0193, 0.0529, 0.04073, -0.00277, 0.02093, 0.01938, 0.06151, 0.02974, 0.01434, 0.00488, 0.05831, 0.04601, 0.02768, 0.04451, 0.00649, 0.0227, 0.0114, 0.04682]
V = 1.931504e-03 ; SR0 journalier = 0.098995 (annualisé 1.8913)
SR E10 journalier = 0.022696 ; T = 1734 ; skew -0.0120 ; kurtosis 23.0285 ; dénominateur 1.001553
DSR = 0.000759 ; PSR(0) = 0.827251

T2 aléatoire mêmes trades / même expo : percentile 77.0 -> FAILLE ; stratifié par fold : percentile 88.6 -> FAILLE

=== T7 Sharpe déflaté (Bailey & López de Prado 2014), SR journaliers de chaque essai du registre ===
N = 47 lignes de REGISTRE.md (E01..E47) ; V[SR_n] = 1.931504e-03 ; SR0 journalier 0.098995 (annualisé 1.8913)
SR E45 journalier 0.022696 (annualisé 0.4336) ; T 1734 ; skew -0.0120 ; kurtosis 23.0285 ; SR - SR0 -0.076298 ; stat -3.1713 ; DSR = 0.000759 ; PSR(0) = 0.827251 -> FAILLE
(version analyse_e10 : DSR = 0.000759, N = 47)

VETO E45 : T1 FAILLE ; T2 FAILLE ; T7 FAILLE
[garde] index max lu = 2025-09-30 23:00:00+00:00 <= 2025-09-30 23:00:00+00:00 : OK (59160 lignes, min 2019-01-01 00:00:00+00:00)

=== T2 grille 4 h : 10404 blocs 4 h OOS, 124 segments, blocs exposés 3016 (expo 0.2899), blocs à position non constante 0 ; position 4 h reconstruite rebacktestée : Sharpe +0.4336 (S +0.4336) ===
  non stratifié (seed 4747, 1000 tirages) : moyenne +0.1565 p50 +0.1538 p95 +0.7645 max +1.5732 ; E45 percentile 77.3 -> FAILLE
  stratifié par fold (seed 4748, 1000 tirages ; segments par fold [0, 21, 34, 14, 11, 14, 6, 4, 23]) : moyenne +0.0494 p50 +0.0499 p95 +0.6101 max +1.2407 ; E45 percentile 86.9 -> FAILLE

T2 retenu (FAILLE si un percentile <= 95) : 1h 77.0 ; 1h stratifié 88.6 ; 4h 77.3 ; 4h stratifié 86.9 -> FAILLE

VETO FINAL E45 : T1 FAILLE ; T2 FAILLE ; T7 FAILLE (DSR 0.000759, N 47)
