--- 99 tâches, 9 workers
rc=0   122.0s experiments/configs/E47.json --variant shuf9
rc=0   124.1s experiments/configs/E47.json --variant shuf2
rc=0   124.1s experiments/configs/E47.json --variant shuf3
rc=0   124.1s experiments/configs/E47.json --variant shuf5
rc=0   124.1s experiments/configs/E47.json --variant shuf6
rc=0   124.0s experiments/configs/E47.json --variant shuf8
rc=0   126.1s experiments/configs/E47.json --variant shuf4
rc=0   128.1s experiments/configs/E47.json --variant shuf1
rc=0   128.1s experiments/configs/E47.json --variant shuf7
rc=0    42.0s experiments/configs/E40.json --variant shuf3
rc=0    44.1s experiments/configs/E40.json --variant shuf1
rc=0    46.1s experiments/configs/E40.json --variant shuf2
rc=0    46.1s experiments/configs/E40.json --variant shuf4
rc=0    46.0s experiments/configs/E40.json --variant shuf5
rc=0    42.0s experiments/configs/E40.json --variant shuf7
rc=0    46.1s experiments/configs/E40.json --variant shuf6
rc=0    46.1s experiments/configs/E40.json --variant shuf8
rc=0    44.1s experiments/configs/E40.json --variant shuf9
rc=0    44.1s experiments/configs/E40.json --variant shuf10
rc=0    44.1s experiments/configs/E41.json --variant shuf2
rc=0    44.0s experiments/configs/E41.json --variant shuf4
rc=0    46.1s experiments/configs/E41.json --variant shuf1
rc=0    46.1s experiments/configs/E41.json --variant shuf3
rc=0    44.0s experiments/configs/E41.json --variant shuf5
rc=0    44.1s experiments/configs/E41.json --variant shuf6
rc=0   126.2s experiments/configs/E47.json --variant shuf10
rc=0    44.1s experiments/configs/E41.json --variant shuf7
rc=0    44.1s experiments/configs/E41.json --variant shuf8
rc=0    46.1s experiments/configs/E41.json --variant shuf9
rc=0    46.1s experiments/configs/E41.json --variant shuf10
rc=0    44.1s experiments/configs/E42.json --variant shuf1
rc=0    44.0s experiments/configs/E42.json --variant shuf2
rc=0    46.1s experiments/configs/E42.json --variant shuf3
rc=0    44.1s experiments/configs/E42.json --variant shuf4
rc=0    44.1s experiments/configs/E42.json --variant shuf5
rc=0    42.1s experiments/configs/E42.json --variant shuf6
rc=0    44.1s experiments/configs/E42.json --variant shuf7
rc=0    44.1s experiments/configs/E42.json --variant shuf8
rc=0    44.1s experiments/configs/E43.json --variant shuf1
rc=0    46.1s experiments/configs/E42.json --variant shuf9
rc=0    46.1s experiments/configs/E42.json --variant shuf10
rc=0    46.1s experiments/configs/E43.json --variant shuf2
rc=0    46.1s experiments/configs/E43.json --variant shuf3
rc=0    44.1s experiments/configs/E43.json --variant shuf4
rc=0    44.1s experiments/configs/E43.json --variant shuf5
rc=0    44.1s experiments/configs/E43.json --variant shuf6
rc=0    44.1s experiments/configs/E43.json --variant shuf8
rc=0    46.1s experiments/configs/E43.json --variant shuf7
rc=0    46.1s experiments/configs/E43.json --variant shuf9
rc=0    46.1s experiments/configs/E43.json --variant shuf10
rc=0    48.1s experiments/configs/E44.json --variant shuf2
rc=0    50.1s experiments/configs/E44.json --variant shuf1
rc=0    48.1s experiments/configs/E44.json --variant shuf3
rc=0    48.1s experiments/configs/E44.json --variant shuf4
rc=0    48.1s experiments/configs/E44.json --variant shuf5
rc=0    46.1s experiments/configs/E44.json --variant shuf6
rc=0    46.1s experiments/configs/E44.json --variant shuf7
rc=0    46.1s experiments/configs/E44.json --variant shuf8
rc=0    48.1s experiments/configs/E44.json --variant shuf9
rc=0    48.1s experiments/configs/E44.json --variant shuf10
rc=0    48.1s experiments/configs/E45.json --variant shuf1
rc=0    50.1s experiments/configs/E45.json --variant shuf2
rc=0    48.1s experiments/configs/E45.json --variant shuf3
rc=0    50.1s experiments/configs/E45.json --variant shuf4
rc=0    48.1s experiments/configs/E45.json --variant shuf5
rc=0    50.1s experiments/configs/E45.json --variant shuf6
rc=0    50.1s experiments/configs/E45.json --variant shuf7
rc=0    48.1s experiments/configs/E45.json --variant shuf8
rc=0    48.1s experiments/configs/E45.json --variant shuf9
rc=0    50.1s experiments/configs/E45.json --variant shuf10
rc=0    50.1s experiments/configs/E46.json --variant shuf1
rc=0    52.1s experiments/configs/E46.json --variant shuf2
rc=0    50.1s experiments/configs/E46.json --variant shuf3
rc=0    50.1s experiments/configs/E46.json --variant shuf4
rc=0    52.1s experiments/configs/E46.json --variant shuf5
rc=0    52.1s experiments/configs/E46.json --variant shuf7
rc=0    54.1s experiments/configs/E46.json --variant shuf6
rc=0    54.1s experiments/configs/E46.json --variant shuf8
rc=0    54.1s experiments/configs/E46.json --variant shuf9
rc=0    14.0s experiments/configs/E40.json --variant rule_vol_42
rc=0    14.0s experiments/configs/E40.json --variant rule_vol_180
rc=0    48.1s experiments/configs/E40.json --variant delay2
rc=0    56.1s experiments/configs/E46.json --variant shuf10
rc=0    48.1s experiments/configs/E40.json --variant featlag1
rc=0    48.1s experiments/configs/E40.json --variant cost2
rc=0    48.1s experiments/configs/E40.json --variant cost3
rc=0    48.1s experiments/configs/E40.json --variant drop_vol_180
rc=0    48.1s experiments/configs/E40.json --variant tbdir
rc=0    46.1s experiments/configs/E40.json --variant dowplac51
rc=0    44.1s experiments/configs/E40.json --variant dowplac52
rc=0    44.1s experiments/configs/E40.json --variant dowplac53
rc=0    42.1s experiments/configs/E40.json --variant tbscale0.8
rc=0    42.1s experiments/configs/E40.json --variant tbscale1.2
rc=0    44.0s experiments/configs/E41.json --variant fplac1
rc=0    42.0s experiments/configs/E41.json --variant fplac2
rc=0    40.0s experiments/configs/E41.json --variant fplac3
rc=0    94.0s experiments/configs/E47.json --variant fplac1
rc=0    88.0s experiments/configs/E47.json --variant fplac2
rc=0    86.0s experiments/configs/E47.json --variant fplac3
